// Jest Snapshot v1, https://goo.gl/fbAQLP

exports[`<Search /> should render search 1`] = `
<View
  hasShadow={false}
  style={
    Array [
      Object {
        "alignItems": "center",
        "borderRadius": 20,
        "flexBasis": 0,
        "flexDirection": "row",
        "flexGrow": 1,
        "flexShrink": 1,
        "height": 88,
        "justifyContent": "center",
        "paddingHorizontal": 72,
      },
    ]
  }
>
  <View
    style={
      Array [
        Object {},
        Object {},
      ]
    }
  >
    <View
      multiline={false}
      style={
        Array [
          Object {
            "justifyContent": "flex-start",
            "paddingTop": 0,
            "position": "relative",
          },
          Object {
            "height": "90%",
            "paddingBottom": 0,
            "paddingLeft": 0,
            "paddingRight": 0,
            "paddingTop": 0,
            "width": "100%",
          },
        ]
      }
    >
      <View
        borderedRadius={0}
        error={false}
        showBorderErrored={true}
        style={
          Array [
            Object {
              "borderColor": "black",
              "borderStyle": "solid",
              "borderWidth": 0,
            },
          ]
        }
      >
        <Text
          accessibilityLabel="Erro "
          collapsable={false}
          contrast={false}
          nativeID="animatedComponent"
          status="default"
          style={
            Array [
              Object {
                "color": "#000000",
                "fontSize": 15,
                "lineHeight": 18,
                "position": "absolute",
                "top": 8,
              },
              Object {
                "fontSize": 18,
                "top": 8,
              },
            ]
          }
          testID="error_test"
          variant="md"
        />
        <View
          multiline={false}
          rightIcon={false}
          style={
            Array [
              Object {
                "alignItems": "center",
                "flexDirection": "row",
                "justifyContent": "center",
                "maxWidth": "100%",
                "overflow": "hidden",
                "paddingLeft": 4,
                "paddingRight": 4,
                "paddingTop": 4,
              },
            ]
          }
        >
          <TextInput
            accessibility=""
            accessibilityLabel=""
            allowFontScaling={false}
            autoCapitalize="none"
            autoCompleteType="off"
            autoCorrect={false}
            centered={false}
            contrast={false}
            id="test"
            inputRef="$text"
            isPlaceholder={true}
            keyboardType="default"
            large={false}
            multiline={false}
            onBlur={[Function]}
            onChangeText={[Function]}
            onFocus={[Function]}
            onSubmitEditing={[Function]}
            placeholder=""
            placeholderTextColor="#72727260"
            status="default"
            style={
              Array [
                Object {
                  "borderWidth": 0,
                  "color": "#000000",
                  "flexBasis": 0,
                  "flexGrow": 1,
                  "flexShrink": 1,
                  "fontSize": 15,
                  "marginTop": 0,
                  "minHeight": 37.714285714285715,
                  "paddingBottom": 0,
                  "paddingLeft": 0,
                  "paddingRight": 0,
                  "paddingTop": 0,
                  "width": "100%",
                },
                Object {},
              ]
            }
            testID="test"
            textAlign="left"
            type="no-mask"
            underlineColorAndroid="transparent"
            value=""
            variant="md"
            withBottomline={true}
          />
          <View
            collapsable={false}
            nativeID="animatedComponent"
            style={Object {}}
          >
            <View
              accessibilityLabel="icon_"
              accessibilityState={
                Object {
                  "disabled": false,
                }
              }
              accessible={true}
              collapsable={false}
              focusable={true}
              hitSlop={Object {}}
              nativeID="animatedComponent"
              onClick={[Function]}
              onResponderGrant={[Function]}
              onResponderMove={[Function]}
              onResponderRelease={[Function]}
              onResponderTerminate={[Function]}
              onResponderTerminationRequest={[Function]}
              onStartShouldSetResponder={[Function]}
              style={
                Object {
                  "opacity": 1,
                }
              }
              testID="id_magnify"
            >
              <View>
                <Text
                  allowFontScaling={false}
                  style={
                    Array [
                      Object {
                        "color": "function (_ref) {
    var theme = _ref.theme;
    return lodash_1(theme, themeProp) || '';
  }",
                        "fontSize": 40.85714285714286,
                      },
                      undefined,
                      Object {
                        "fontFamily": "Material Design Icons",
                        "fontStyle": "normal",
                        "fontWeight": "normal",
                      },
                      Object {},
                    ]
                  }
                >
                  󰍉
                </Text>
              </View>
            </View>
          </View>
        </View>
        <View
          contrast={false}
          status="default"
          style={
            Array [
              Object {
                "backgroundColor": "#000000",
                "height": 0.5,
              },
            ]
          }
        />
      </View>
    </View>
  </View>
</View>
`;

exports[`<Search /> should render search with auto focus 1`] = `
<View
  hasShadow={false}
  style={
    Array [
      Object {
        "alignItems": "center",
        "borderRadius": 20,
        "flexBasis": 0,
        "flexDirection": "row",
        "flexGrow": 1,
        "flexShrink": 1,
        "height": 88,
        "justifyContent": "center",
        "paddingHorizontal": 72,
      },
    ]
  }
>
  <View
    style={
      Array [
        Object {},
        Object {},
      ]
    }
  >
    <View
      multiline={false}
      style={
        Array [
          Object {
            "justifyContent": "flex-start",
            "paddingTop": 0,
            "position": "relative",
          },
          Object {
            "height": "90%",
            "paddingBottom": 0,
            "paddingLeft": 0,
            "paddingRight": 0,
            "paddingTop": 0,
            "width": "100%",
          },
        ]
      }
    >
      <View
        borderedRadius={0}
        error={false}
        showBorderErrored={true}
        style={
          Array [
            Object {
              "borderColor": "black",
              "borderStyle": "solid",
              "borderWidth": 0,
            },
          ]
        }
      >
        <Text
          accessibilityLabel="Erro "
          contrast={false}
          status="default"
          style={
            Array [
              Object {
                "color": "#000000",
                "fontSize": 13,
                "lineHeight": 15.6,
                "position": "absolute",
                "top": 8,
              },
              Object {
                "fontSize": 18,
                "top": 8,
              },
            ]
          }
          testID="error_test"
          variant="xs"
        />
        <View
          multiline={false}
          rightIcon={false}
          style={
            Array [
              Object {
                "alignItems": "center",
                "flexDirection": "row",
                "justifyContent": "center",
                "maxWidth": "100%",
                "overflow": "hidden",
                "paddingLeft": 4,
                "paddingRight": 4,
                "paddingTop": 4,
              },
            ]
          }
        >
          <TextInput
            accessibility=""
            accessibilityLabel=""
            allowFontScaling={false}
            autoCapitalize="none"
            autoCompleteType="off"
            autoCorrect={false}
            centered={false}
            contrast={false}
            id="test"
            inputRef="$text"
            isPlaceholder={false}
            keyboardType="default"
            large={false}
            multiline={false}
            onBlur={[Function]}
            onChangeText={[Function]}
            onFocus={[Function]}
            onSubmitEditing={[Function]}
            placeholder="Pesquise aqui"
            placeholderTextColor="#72727260"
            status="default"
            style={
              Array [
                Object {
                  "borderWidth": 0,
                  "color": "#000000",
                  "flexBasis": 0,
                  "flexGrow": 1,
                  "flexShrink": 1,
                  "fontSize": 15,
                  "marginTop": 0,
                  "minHeight": 37.714285714285715,
                  "paddingBottom": 0,
                  "paddingLeft": 0,
                  "paddingRight": 0,
                  "paddingTop": 0,
                  "width": "100%",
                },
                Object {},
              ]
            }
            testID="test"
            textAlign="left"
            type="no-mask"
            underlineColorAndroid="transparent"
            value=""
            variant="md"
            withBottomline={true}
          />
          <View
            style={Object {}}
          >
            <View
              accessibilityLabel="icon_"
              accessibilityState={
                Object {
                  "disabled": false,
                }
              }
              accessible={true}
              focusable={true}
              hitSlop={Object {}}
              onClick={[Function]}
              onResponderGrant={[Function]}
              onResponderMove={[Function]}
              onResponderRelease={[Function]}
              onResponderTerminate={[Function]}
              onResponderTerminationRequest={[Function]}
              onStartShouldSetResponder={[Function]}
              style={
                Object {
                  "opacity": 1,
                }
              }
              testID="id_magnify"
            >
              <View>
                <Text
                  allowFontScaling={false}
                  style={
                    Array [
                      Object {
                        "color": "function (_ref) {
    var theme = _ref.theme;
    return lodash_1(theme, themeProp) || '';
  }",
                        "fontSize": 40.85714285714286,
                      },
                      undefined,
                      Object {
                        "fontFamily": "Material Design Icons",
                        "fontStyle": "normal",
                        "fontWeight": "normal",
                      },
                      Object {},
                    ]
                  }
                >
                  󰍉
                </Text>
              </View>
            </View>
          </View>
        </View>
        <View
          contrast={false}
          status="default"
          style={
            Array [
              Object {
                "backgroundColor": "#000000",
                "height": 0.5,
              },
            ]
          }
        />
      </View>
    </View>
  </View>
</View>
`;

exports[`<Search /> should render search with custom container style 1`] = `
<View
  hasShadow={false}
  style={
    Array [
      Object {
        "alignItems": "center",
        "borderRadius": 20,
        "flexBasis": 0,
        "flexDirection": "row",
        "flexGrow": 1,
        "flexShrink": 1,
        "height": 88,
        "justifyContent": "center",
        "paddingHorizontal": 72,
      },
      Object {
        "backgroundColor": "#123983",
      },
    ]
  }
>
  <View
    style={
      Array [
        Object {},
        Object {},
      ]
    }
  >
    <View
      multiline={false}
      style={
        Array [
          Object {
            "justifyContent": "flex-start",
            "paddingTop": 0,
            "position": "relative",
          },
          Object {
            "height": "90%",
            "paddingBottom": 0,
            "paddingLeft": 0,
            "paddingRight": 0,
            "paddingTop": 0,
            "width": "100%",
          },
        ]
      }
    >
      <View
        borderedRadius={0}
        error={false}
        showBorderErrored={true}
        style={
          Array [
            Object {
              "borderColor": "black",
              "borderStyle": "solid",
              "borderWidth": 0,
            },
          ]
        }
      >
        <Text
          accessibilityLabel="Erro "
          contrast={false}
          status="default"
          style={
            Array [
              Object {
                "color": "#000000",
                "fontSize": 13,
                "lineHeight": 15.6,
                "position": "absolute",
                "top": 8,
              },
              Object {
                "fontSize": 18,
                "top": 8,
              },
            ]
          }
          testID="error_test"
          variant="xs"
        />
        <View
          multiline={false}
          rightIcon={false}
          style={
            Array [
              Object {
                "alignItems": "center",
                "flexDirection": "row",
                "justifyContent": "center",
                "maxWidth": "100%",
                "overflow": "hidden",
                "paddingLeft": 4,
                "paddingRight": 4,
                "paddingTop": 4,
              },
            ]
          }
        >
          <TextInput
            accessibility=""
            accessibilityLabel=""
            allowFontScaling={false}
            autoCapitalize="none"
            autoCompleteType="off"
            autoCorrect={false}
            centered={false}
            contrast={false}
            id="test"
            inputRef="$text"
            isPlaceholder={false}
            keyboardType="default"
            large={false}
            multiline={false}
            onBlur={[Function]}
            onChangeText={[Function]}
            onFocus={[Function]}
            onSubmitEditing={[Function]}
            placeholder="Pesquise aqui"
            placeholderTextColor="#72727260"
            status="default"
            style={
              Array [
                Object {
                  "borderWidth": 0,
                  "color": "#000000",
                  "flexBasis": 0,
                  "flexGrow": 1,
                  "flexShrink": 1,
                  "fontSize": 15,
                  "marginTop": 0,
                  "minHeight": 37.714285714285715,
                  "paddingBottom": 0,
                  "paddingLeft": 0,
                  "paddingRight": 0,
                  "paddingTop": 0,
                  "width": "100%",
                },
                Object {},
              ]
            }
            testID="test"
            textAlign="left"
            type="no-mask"
            underlineColorAndroid="transparent"
            value=""
            variant="md"
            withBottomline={true}
          />
          <View
            style={Object {}}
          >
            <View
              accessibilityLabel="icon_"
              accessibilityState={
                Object {
                  "disabled": false,
                }
              }
              accessible={true}
              focusable={true}
              hitSlop={Object {}}
              onClick={[Function]}
              onResponderGrant={[Function]}
              onResponderMove={[Function]}
              onResponderRelease={[Function]}
              onResponderTerminate={[Function]}
              onResponderTerminationRequest={[Function]}
              onStartShouldSetResponder={[Function]}
              style={
                Object {
                  "opacity": 1,
                }
              }
              testID="id_magnify"
            >
              <View>
                <Text
                  allowFontScaling={false}
                  style={
                    Array [
                      Object {
                        "color": "function (_ref) {
    var theme = _ref.theme;
    return lodash_1(theme, themeProp) || '';
  }",
                        "fontSize": 40.85714285714286,
                      },
                      undefined,
                      Object {
                        "fontFamily": "Material Design Icons",
                        "fontStyle": "normal",
                        "fontWeight": "normal",
                      },
                      Object {},
                    ]
                  }
                >
                  󰍉
                </Text>
              </View>
            </View>
          </View>
        </View>
        <View
          contrast={false}
          status="default"
          style={
            Array [
              Object {
                "backgroundColor": "#000000",
                "height": 0.5,
              },
            ]
          }
        />
      </View>
    </View>
  </View>
</View>
`;

exports[`<Search /> should render search with custom icon color 1`] = `
<View
  hasShadow={false}
  style={
    Array [
      Object {
        "alignItems": "center",
        "borderRadius": 20,
        "flexBasis": 0,
        "flexDirection": "row",
        "flexGrow": 1,
        "flexShrink": 1,
        "height": 88,
        "justifyContent": "center",
        "paddingHorizontal": 72,
      },
    ]
  }
>
  <View
    style={
      Array [
        Object {},
        Object {},
      ]
    }
  >
    <View
      multiline={false}
      style={
        Array [
          Object {
            "justifyContent": "flex-start",
            "paddingTop": 0,
            "position": "relative",
          },
          Object {
            "height": "90%",
            "paddingBottom": 0,
            "paddingLeft": 0,
            "paddingRight": 0,
            "paddingTop": 0,
            "width": "100%",
          },
        ]
      }
    >
      <View
        borderedRadius={0}
        error={false}
        showBorderErrored={true}
        style={
          Array [
            Object {
              "borderColor": "black",
              "borderStyle": "solid",
              "borderWidth": 0,
            },
          ]
        }
      >
        <Text
          accessibilityLabel="Erro "
          contrast={false}
          status="default"
          style={
            Array [
              Object {
                "color": "#000000",
                "fontSize": 13,
                "lineHeight": 15.6,
                "position": "absolute",
                "top": 8,
              },
              Object {
                "fontSize": 18,
                "top": 8,
              },
            ]
          }
          testID="error_test"
          variant="xs"
        />
        <View
          multiline={false}
          rightIcon={false}
          style={
            Array [
              Object {
                "alignItems": "center",
                "flexDirection": "row",
                "justifyContent": "center",
                "maxWidth": "100%",
                "overflow": "hidden",
                "paddingLeft": 4,
                "paddingRight": 4,
                "paddingTop": 4,
              },
            ]
          }
        >
          <TextInput
            accessibility=""
            accessibilityLabel=""
            allowFontScaling={false}
            autoCapitalize="none"
            autoCompleteType="off"
            autoCorrect={false}
            centered={false}
            contrast={false}
            id="test"
            inputRef="$text"
            isPlaceholder={false}
            keyboardType="default"
            large={false}
            multiline={false}
            onBlur={[Function]}
            onChangeText={[Function]}
            onFocus={[Function]}
            onSubmitEditing={[Function]}
            placeholder="Pesquise aqui"
            placeholderTextColor="#72727260"
            status="default"
            style={
              Array [
                Object {
                  "borderWidth": 0,
                  "color": "#000000",
                  "flexBasis": 0,
                  "flexGrow": 1,
                  "flexShrink": 1,
                  "fontSize": 15,
                  "marginTop": 0,
                  "minHeight": 37.714285714285715,
                  "paddingBottom": 0,
                  "paddingLeft": 0,
                  "paddingRight": 0,
                  "paddingTop": 0,
                  "width": "100%",
                },
                Object {},
              ]
            }
            testID="test"
            textAlign="left"
            type="no-mask"
            underlineColorAndroid="transparent"
            value=""
            variant="md"
            withBottomline={true}
          />
          <View
            style={Object {}}
          >
            <View
              accessibilityLabel="icon_"
              accessibilityState={
                Object {
                  "disabled": false,
                }
              }
              accessible={true}
              focusable={true}
              hitSlop={Object {}}
              onClick={[Function]}
              onResponderGrant={[Function]}
              onResponderMove={[Function]}
              onResponderRelease={[Function]}
              onResponderTerminate={[Function]}
              onResponderTerminationRequest={[Function]}
              onStartShouldSetResponder={[Function]}
              style={
                Object {
                  "opacity": 1,
                }
              }
              testID="id_magnify"
            >
              <View>
                <Text
                  allowFontScaling={false}
                  style={
                    Array [
                      Object {
                        "color": "#fff",
                        "fontSize": 40.85714285714286,
                      },
                      undefined,
                      Object {
                        "fontFamily": "Material Design Icons",
                        "fontStyle": "normal",
                        "fontWeight": "normal",
                      },
                      Object {},
                    ]
                  }
                >
                  󰍉
                </Text>
              </View>
            </View>
          </View>
        </View>
        <View
          contrast={false}
          status="default"
          style={
            Array [
              Object {
                "backgroundColor": "#000000",
                "height": 0.5,
              },
            ]
          }
        />
      </View>
    </View>
  </View>
</View>
`;

exports[`<Search /> should render search with custom input style 1`] = `
<View
  hasShadow={false}
  style={
    Array [
      Object {
        "alignItems": "center",
        "borderRadius": 20,
        "flexBasis": 0,
        "flexDirection": "row",
        "flexGrow": 1,
        "flexShrink": 1,
        "height": 88,
        "justifyContent": "center",
        "paddingHorizontal": 72,
      },
    ]
  }
>
  <View
    style={
      Array [
        Object {},
        Object {},
      ]
    }
  >
    <View
      multiline={false}
      style={
        Array [
          Object {
            "justifyContent": "flex-start",
            "paddingTop": 0,
            "position": "relative",
          },
          Object {
            "height": "90%",
            "paddingBottom": 0,
            "paddingLeft": 0,
            "paddingRight": 0,
            "paddingTop": 0,
            "width": "100%",
          },
          Object {
            "backgroundColor": "#654654",
          },
        ]
      }
    >
      <View
        borderedRadius={0}
        error={false}
        showBorderErrored={true}
        style={
          Array [
            Object {
              "borderColor": "black",
              "borderStyle": "solid",
              "borderWidth": 0,
            },
          ]
        }
      >
        <Text
          accessibilityLabel="Erro "
          collapsable={false}
          contrast={false}
          nativeID="animatedComponent"
          status="default"
          style={
            Array [
              Object {
                "color": "#000000",
                "fontSize": 15,
                "lineHeight": 18,
                "position": "absolute",
                "top": 8,
              },
              Object {
                "fontSize": 18,
                "top": 8,
              },
            ]
          }
          testID="error_test"
          variant="md"
        />
        <View
          multiline={false}
          rightIcon={false}
          style={
            Array [
              Object {
                "alignItems": "center",
                "flexDirection": "row",
                "justifyContent": "center",
                "maxWidth": "100%",
                "overflow": "hidden",
                "paddingLeft": 4,
                "paddingRight": 4,
                "paddingTop": 4,
              },
            ]
          }
        >
          <TextInput
            accessibility=""
            accessibilityLabel=""
            allowFontScaling={false}
            autoCapitalize="none"
            autoCompleteType="off"
            autoCorrect={false}
            centered={false}
            contrast={false}
            id="test"
            inputRef="$text"
            isPlaceholder={true}
            keyboardType="default"
            large={false}
            multiline={false}
            onBlur={[Function]}
            onChangeText={[Function]}
            onFocus={[Function]}
            onSubmitEditing={[Function]}
            placeholder=""
            placeholderTextColor="#72727260"
            status="default"
            style={
              Array [
                Object {
                  "borderWidth": 0,
                  "color": "#000000",
                  "flexBasis": 0,
                  "flexGrow": 1,
                  "flexShrink": 1,
                  "fontSize": 15,
                  "marginTop": 0,
                  "minHeight": 37.714285714285715,
                  "paddingBottom": 0,
                  "paddingLeft": 0,
                  "paddingRight": 0,
                  "paddingTop": 0,
                  "width": "100%",
                },
                Object {},
              ]
            }
            testID="test"
            textAlign="left"
            type="no-mask"
            underlineColorAndroid="transparent"
            value=""
            variant="md"
            withBottomline={true}
          />
          <View
            collapsable={false}
            nativeID="animatedComponent"
            style={Object {}}
          >
            <View
              accessibilityLabel="icon_"
              accessibilityState={
                Object {
                  "disabled": false,
                }
              }
              accessible={true}
              collapsable={false}
              focusable={true}
              hitSlop={Object {}}
              nativeID="animatedComponent"
              onClick={[Function]}
              onResponderGrant={[Function]}
              onResponderMove={[Function]}
              onResponderRelease={[Function]}
              onResponderTerminate={[Function]}
              onResponderTerminationRequest={[Function]}
              onStartShouldSetResponder={[Function]}
              style={
                Object {
                  "opacity": 1,
                }
              }
              testID="id_magnify"
            >
              <View>
                <Text
                  allowFontScaling={false}
                  style={
                    Array [
                      Object {
                        "color": "function (_ref) {
    var theme = _ref.theme;
    return lodash_1(theme, themeProp) || '';
  }",
                        "fontSize": 40.85714285714286,
                      },
                      undefined,
                      Object {
                        "fontFamily": "Material Design Icons",
                        "fontStyle": "normal",
                        "fontWeight": "normal",
                      },
                      Object {},
                    ]
                  }
                >
                  󰍉
                </Text>
              </View>
            </View>
          </View>
        </View>
        <View
          contrast={false}
          status="default"
          style={
            Array [
              Object {
                "backgroundColor": "#000000",
                "height": 0.5,
              },
            ]
          }
        />
      </View>
    </View>
  </View>
</View>
`;

exports[`<Search /> should render search with custom placeholder 1`] = `
<View
  hasShadow={false}
  style={
    Array [
      Object {
        "alignItems": "center",
        "borderRadius": 20,
        "flexBasis": 0,
        "flexDirection": "row",
        "flexGrow": 1,
        "flexShrink": 1,
        "height": 88,
        "justifyContent": "center",
        "paddingHorizontal": 72,
      },
    ]
  }
>
  <View
    style={
      Array [
        Object {},
        Object {},
      ]
    }
  >
    <View
      multiline={false}
      style={
        Array [
          Object {
            "justifyContent": "flex-start",
            "paddingTop": 0,
            "position": "relative",
          },
          Object {
            "height": "90%",
            "paddingBottom": 0,
            "paddingLeft": 0,
            "paddingRight": 0,
            "paddingTop": 0,
            "width": "100%",
          },
        ]
      }
    >
      <View
        borderedRadius={0}
        error={false}
        showBorderErrored={true}
        style={
          Array [
            Object {
              "borderColor": "black",
              "borderStyle": "solid",
              "borderWidth": 0,
            },
          ]
        }
      >
        <Text
          accessibilityLabel="Erro "
          collapsable={false}
          contrast={false}
          nativeID="animatedComponent"
          status="default"
          style={
            Array [
              Object {
                "color": "#000000",
                "fontSize": 15,
                "lineHeight": 18,
                "position": "absolute",
                "top": 8,
              },
              Object {
                "fontSize": 18,
                "top": 8,
              },
            ]
          }
          testID="error_test"
          variant="md"
        />
        <View
          multiline={false}
          rightIcon={false}
          style={
            Array [
              Object {
                "alignItems": "center",
                "flexDirection": "row",
                "justifyContent": "center",
                "maxWidth": "100%",
                "overflow": "hidden",
                "paddingLeft": 4,
                "paddingRight": 4,
                "paddingTop": 4,
              },
            ]
          }
        >
          <TextInput
            accessibility=""
            accessibilityLabel=""
            allowFontScaling={false}
            autoCapitalize="none"
            autoCompleteType="off"
            autoCorrect={false}
            centered={false}
            contrast={false}
            id="test"
            inputRef="$text"
            isPlaceholder={true}
            keyboardType="default"
            large={false}
            multiline={false}
            onBlur={[Function]}
            onChangeText={[Function]}
            onFocus={[Function]}
            onSubmitEditing={[Function]}
            placeholder=""
            placeholderTextColor="#72727260"
            status="default"
            style={
              Array [
                Object {
                  "borderWidth": 0,
                  "color": "#000000",
                  "flexBasis": 0,
                  "flexGrow": 1,
                  "flexShrink": 1,
                  "fontSize": 15,
                  "marginTop": 0,
                  "minHeight": 37.714285714285715,
                  "paddingBottom": 0,
                  "paddingLeft": 0,
                  "paddingRight": 0,
                  "paddingTop": 0,
                  "width": "100%",
                },
                Object {},
              ]
            }
            testID="test"
            textAlign="left"
            type="no-mask"
            underlineColorAndroid="transparent"
            value=""
            variant="md"
            withBottomline={true}
          />
          <View
            collapsable={false}
            nativeID="animatedComponent"
            style={Object {}}
          >
            <View
              accessibilityLabel="icon_"
              accessibilityState={
                Object {
                  "disabled": false,
                }
              }
              accessible={true}
              collapsable={false}
              focusable={true}
              hitSlop={Object {}}
              nativeID="animatedComponent"
              onClick={[Function]}
              onResponderGrant={[Function]}
              onResponderMove={[Function]}
              onResponderRelease={[Function]}
              onResponderTerminate={[Function]}
              onResponderTerminationRequest={[Function]}
              onStartShouldSetResponder={[Function]}
              style={
                Object {
                  "opacity": 1,
                }
              }
              testID="id_magnify"
            >
              <View>
                <Text
                  allowFontScaling={false}
                  style={
                    Array [
                      Object {
                        "color": "function (_ref) {
    var theme = _ref.theme;
    return lodash_1(theme, themeProp) || '';
  }",
                        "fontSize": 40.85714285714286,
                      },
                      undefined,
                      Object {
                        "fontFamily": "Material Design Icons",
                        "fontStyle": "normal",
                        "fontWeight": "normal",
                      },
                      Object {},
                    ]
                  }
                >
                  󰍉
                </Text>
              </View>
            </View>
          </View>
        </View>
        <View
          contrast={false}
          status="default"
          style={
            Array [
              Object {
                "backgroundColor": "#000000",
                "height": 0.5,
              },
            ]
          }
        />
      </View>
    </View>
  </View>
</View>
`;

exports[`<Search /> should render search with custom placeholder color 1`] = `
<View
  hasShadow={false}
  style={
    Array [
      Object {
        "alignItems": "center",
        "borderRadius": 20,
        "flexBasis": 0,
        "flexDirection": "row",
        "flexGrow": 1,
        "flexShrink": 1,
        "height": 88,
        "justifyContent": "center",
        "paddingHorizontal": 72,
      },
    ]
  }
>
  <View
    style={
      Array [
        Object {},
        Object {},
      ]
    }
  >
    <View
      multiline={false}
      style={
        Array [
          Object {
            "justifyContent": "flex-start",
            "paddingTop": 0,
            "position": "relative",
          },
          Object {
            "height": "90%",
            "paddingBottom": 0,
            "paddingLeft": 0,
            "paddingRight": 0,
            "paddingTop": 0,
            "width": "100%",
          },
        ]
      }
    >
      <View
        borderedRadius={0}
        error={false}
        showBorderErrored={true}
        style={
          Array [
            Object {
              "borderColor": "black",
              "borderStyle": "solid",
              "borderWidth": 0,
            },
          ]
        }
      >
        <Text
          accessibilityLabel="Erro "
          collapsable={false}
          contrast={false}
          nativeID="animatedComponent"
          status="default"
          style={
            Array [
              Object {
                "color": "#000000",
                "fontSize": 15,
                "lineHeight": 18,
                "position": "absolute",
                "top": 8,
              },
              Object {
                "fontSize": 18,
                "top": 8,
              },
            ]
          }
          testID="error_test"
          variant="md"
        />
        <View
          multiline={false}
          rightIcon={false}
          style={
            Array [
              Object {
                "alignItems": "center",
                "flexDirection": "row",
                "justifyContent": "center",
                "maxWidth": "100%",
                "overflow": "hidden",
                "paddingLeft": 4,
                "paddingRight": 4,
                "paddingTop": 4,
              },
            ]
          }
        >
          <TextInput
            accessibility=""
            accessibilityLabel=""
            allowFontScaling={false}
            autoCapitalize="none"
            autoCompleteType="off"
            autoCorrect={false}
            centered={false}
            contrast={false}
            id="test"
            inputRef="$text"
            isPlaceholder={true}
            keyboardType="default"
            large={false}
            multiline={false}
            onBlur={[Function]}
            onChangeText={[Function]}
            onFocus={[Function]}
            onSubmitEditing={[Function]}
            placeholder=""
            placeholderTextColor="#123983"
            status="default"
            style={
              Array [
                Object {
                  "borderWidth": 0,
                  "color": "#000000",
                  "flexBasis": 0,
                  "flexGrow": 1,
                  "flexShrink": 1,
                  "fontSize": 15,
                  "marginTop": 0,
                  "minHeight": 37.714285714285715,
                  "paddingBottom": 0,
                  "paddingLeft": 0,
                  "paddingRight": 0,
                  "paddingTop": 0,
                  "width": "100%",
                },
                Object {},
              ]
            }
            testID="test"
            textAlign="left"
            type="no-mask"
            underlineColorAndroid="transparent"
            value=""
            variant="md"
            withBottomline={true}
          />
          <View
            collapsable={false}
            nativeID="animatedComponent"
            style={Object {}}
          >
            <View
              accessibilityLabel="icon_"
              accessibilityState={
                Object {
                  "disabled": false,
                }
              }
              accessible={true}
              collapsable={false}
              focusable={true}
              hitSlop={Object {}}
              nativeID="animatedComponent"
              onClick={[Function]}
              onResponderGrant={[Function]}
              onResponderMove={[Function]}
              onResponderRelease={[Function]}
              onResponderTerminate={[Function]}
              onResponderTerminationRequest={[Function]}
              onStartShouldSetResponder={[Function]}
              style={
                Object {
                  "opacity": 1,
                }
              }
              testID="id_magnify"
            >
              <View>
                <Text
                  allowFontScaling={false}
                  style={
                    Array [
                      Object {
                        "color": "function (_ref) {
    var theme = _ref.theme;
    return lodash_1(theme, themeProp) || '';
  }",
                        "fontSize": 40.85714285714286,
                      },
                      undefined,
                      Object {
                        "fontFamily": "Material Design Icons",
                        "fontStyle": "normal",
                        "fontWeight": "normal",
                      },
                      Object {},
                    ]
                  }
                >
                  󰍉
                </Text>
              </View>
            </View>
          </View>
        </View>
        <View
          contrast={false}
          status="default"
          style={
            Array [
              Object {
                "backgroundColor": "#000000",
                "height": 0.5,
              },
            ]
          }
        />
      </View>
    </View>
  </View>
</View>
`;

exports[`<Search /> should render search with custom text style 1`] = `
<View
  hasShadow={false}
  style={
    Array [
      Object {
        "alignItems": "center",
        "borderRadius": 20,
        "flexBasis": 0,
        "flexDirection": "row",
        "flexGrow": 1,
        "flexShrink": 1,
        "height": 88,
        "justifyContent": "center",
        "paddingHorizontal": 72,
      },
    ]
  }
>
  <View
    style={
      Array [
        Object {},
        Object {},
      ]
    }
  >
    <View
      multiline={false}
      style={
        Array [
          Object {
            "justifyContent": "flex-start",
            "paddingTop": 0,
            "position": "relative",
          },
          Object {
            "height": "90%",
            "paddingBottom": 0,
            "paddingLeft": 0,
            "paddingRight": 0,
            "paddingTop": 0,
            "width": "100%",
          },
        ]
      }
    >
      <View
        borderedRadius={0}
        error={false}
        showBorderErrored={true}
        style={
          Array [
            Object {
              "borderColor": "black",
              "borderStyle": "solid",
              "borderWidth": 0,
            },
          ]
        }
      >
        <Text
          accessibilityLabel="Erro "
          contrast={false}
          status="default"
          style={
            Array [
              Object {
                "color": "#000000",
                "fontSize": 13,
                "lineHeight": 15.6,
                "position": "absolute",
                "top": 8,
              },
              Object {
                "fontSize": 18,
                "top": 8,
              },
            ]
          }
          testID="error_test"
          variant="xs"
        />
        <View
          multiline={false}
          rightIcon={false}
          style={
            Array [
              Object {
                "alignItems": "center",
                "flexDirection": "row",
                "justifyContent": "center",
                "maxWidth": "100%",
                "overflow": "hidden",
                "paddingLeft": 4,
                "paddingRight": 4,
                "paddingTop": 4,
              },
            ]
          }
        >
          <TextInput
            accessibility=""
            accessibilityLabel=""
            allowFontScaling={false}
            autoCapitalize="none"
            autoCompleteType="off"
            autoCorrect={false}
            centered={false}
            contrast={false}
            id="test"
            inputRef="$text"
            isPlaceholder={false}
            keyboardType="default"
            large={false}
            multiline={false}
            onBlur={[Function]}
            onChangeText={[Function]}
            onFocus={[Function]}
            onSubmitEditing={[Function]}
            placeholder="Pesquise aqui"
            placeholderTextColor="#72727260"
            status="default"
            style={
              Array [
                Object {
                  "borderWidth": 0,
                  "color": "#000000",
                  "flexBasis": 0,
                  "flexGrow": 1,
                  "flexShrink": 1,
                  "fontSize": 15,
                  "marginTop": 0,
                  "minHeight": 37.714285714285715,
                  "paddingBottom": 0,
                  "paddingLeft": 0,
                  "paddingRight": 0,
                  "paddingTop": 0,
                  "width": "100%",
                },
                Object {
                  "color": "#fff",
                },
              ]
            }
            testID="test"
            textAlign="left"
            type="no-mask"
            underlineColorAndroid="transparent"
            value=""
            variant="md"
            withBottomline={true}
          />
          <View
            style={Object {}}
          >
            <View
              accessibilityLabel="icon_"
              accessibilityState={
                Object {
                  "disabled": false,
                }
              }
              accessible={true}
              focusable={true}
              hitSlop={Object {}}
              onClick={[Function]}
              onResponderGrant={[Function]}
              onResponderMove={[Function]}
              onResponderRelease={[Function]}
              onResponderTerminate={[Function]}
              onResponderTerminationRequest={[Function]}
              onStartShouldSetResponder={[Function]}
              style={
                Object {
                  "opacity": 1,
                }
              }
              testID="id_magnify"
            >
              <View>
                <Text
                  allowFontScaling={false}
                  style={
                    Array [
                      Object {
                        "color": "function (_ref) {
    var theme = _ref.theme;
    return lodash_1(theme, themeProp) || '';
  }",
                        "fontSize": 40.85714285714286,
                      },
                      undefined,
                      Object {
                        "fontFamily": "Material Design Icons",
                        "fontStyle": "normal",
                        "fontWeight": "normal",
                      },
                      Object {},
                    ]
                  }
                >
                  󰍉
                </Text>
              </View>
            </View>
          </View>
        </View>
        <View
          contrast={false}
          status="default"
          style={
            Array [
              Object {
                "backgroundColor": "#000000",
                "height": 0.5,
              },
            ]
          }
        />
      </View>
    </View>
  </View>
</View>
`;

exports[`<Search /> should render search with icon size 1`] = `
<View
  hasShadow={false}
  style={
    Array [
      Object {
        "alignItems": "center",
        "borderRadius": 20,
        "flexBasis": 0,
        "flexDirection": "row",
        "flexGrow": 1,
        "flexShrink": 1,
        "height": 88,
        "justifyContent": "center",
        "paddingHorizontal": 72,
      },
    ]
  }
>
  <View
    style={
      Array [
        Object {},
        Object {},
      ]
    }
  >
    <View
      multiline={false}
      style={
        Array [
          Object {
            "justifyContent": "flex-start",
            "paddingTop": 0,
            "position": "relative",
          },
          Object {
            "height": "90%",
            "paddingBottom": 0,
            "paddingLeft": 0,
            "paddingRight": 0,
            "paddingTop": 0,
            "width": "100%",
          },
        ]
      }
    >
      <View
        borderedRadius={0}
        error={false}
        showBorderErrored={true}
        style={
          Array [
            Object {
              "borderColor": "black",
              "borderStyle": "solid",
              "borderWidth": 0,
            },
          ]
        }
      >
        <Text
          accessibilityLabel="Erro "
          contrast={false}
          status="default"
          style={
            Array [
              Object {
                "color": "#000000",
                "fontSize": 13,
                "lineHeight": 15.6,
                "position": "absolute",
                "top": 8,
              },
              Object {
                "fontSize": 18,
                "top": 8,
              },
            ]
          }
          testID="error_test"
          variant="xs"
        />
        <View
          multiline={false}
          rightIcon={false}
          style={
            Array [
              Object {
                "alignItems": "center",
                "flexDirection": "row",
                "justifyContent": "center",
                "maxWidth": "100%",
                "overflow": "hidden",
                "paddingLeft": 4,
                "paddingRight": 4,
                "paddingTop": 4,
              },
            ]
          }
        >
          <TextInput
            accessibility=""
            accessibilityLabel=""
            allowFontScaling={false}
            autoCapitalize="none"
            autoCompleteType="off"
            autoCorrect={false}
            centered={false}
            contrast={false}
            id="test"
            inputRef="$text"
            isPlaceholder={false}
            keyboardType="default"
            large={false}
            multiline={false}
            onBlur={[Function]}
            onChangeText={[Function]}
            onFocus={[Function]}
            onSubmitEditing={[Function]}
            placeholder="Pesquise aqui"
            placeholderTextColor="#72727260"
            status="default"
            style={
              Array [
                Object {
                  "borderWidth": 0,
                  "color": "#000000",
                  "flexBasis": 0,
                  "flexGrow": 1,
                  "flexShrink": 1,
                  "fontSize": 15,
                  "marginTop": 0,
                  "minHeight": 37.714285714285715,
                  "paddingBottom": 0,
                  "paddingLeft": 0,
                  "paddingRight": 0,
                  "paddingTop": 0,
                  "width": "100%",
                },
                Object {},
              ]
            }
            testID="test"
            textAlign="left"
            type="no-mask"
            underlineColorAndroid="transparent"
            value=""
            variant="md"
            withBottomline={true}
          />
          <View
            style={Object {}}
          >
            <View
              accessibilityLabel="icon_"
              accessibilityState={
                Object {
                  "disabled": false,
                }
              }
              accessible={true}
              focusable={true}
              hitSlop={Object {}}
              onClick={[Function]}
              onResponderGrant={[Function]}
              onResponderMove={[Function]}
              onResponderRelease={[Function]}
              onResponderTerminate={[Function]}
              onResponderTerminationRequest={[Function]}
              onStartShouldSetResponder={[Function]}
              style={
                Object {
                  "opacity": 1,
                }
              }
              testID="id_magnify"
            >
              <View>
                <Text
                  allowFontScaling={false}
                  style={
                    Array [
                      Object {
                        "color": "function (_ref) {
    var theme = _ref.theme;
    return lodash_1(theme, themeProp) || '';
  }",
                        "fontSize": 24,
                      },
                      undefined,
                      Object {
                        "fontFamily": "Material Design Icons",
                        "fontStyle": "normal",
                        "fontWeight": "normal",
                      },
                      Object {},
                    ]
                  }
                >
                  󰍉
                </Text>
              </View>
            </View>
          </View>
        </View>
        <View
          contrast={false}
          status="default"
          style={
            Array [
              Object {
                "backgroundColor": "#000000",
                "height": 0.5,
              },
            ]
          }
        />
      </View>
    </View>
  </View>
</View>
`;

exports[`<Search /> should render search with left icon 1`] = `
<View
  hasShadow={false}
  style={
    Array [
      Object {
        "alignItems": "center",
        "borderRadius": 20,
        "flexBasis": 0,
        "flexDirection": "row",
        "flexGrow": 1,
        "flexShrink": 1,
        "height": 88,
        "justifyContent": "center",
        "paddingHorizontal": 72,
      },
    ]
  }
>
  <View
    style={
      Array [
        Object {},
        Object {},
      ]
    }
  >
    <View
      multiline={false}
      style={
        Array [
          Object {
            "justifyContent": "flex-start",
            "paddingTop": 0,
            "position": "relative",
          },
          Object {
            "height": "90%",
            "paddingBottom": 0,
            "paddingLeft": 0,
            "paddingRight": 0,
            "paddingTop": 0,
            "width": "100%",
          },
        ]
      }
    >
      <View
        borderedRadius={0}
        error={false}
        showBorderErrored={true}
        style={
          Array [
            Object {
              "borderColor": "black",
              "borderStyle": "solid",
              "borderWidth": 0,
            },
          ]
        }
      >
        <Text
          accessibilityLabel="Erro "
          contrast={false}
          status="default"
          style={
            Array [
              Object {
                "color": "#000000",
                "fontSize": 13,
                "lineHeight": 15.6,
                "position": "absolute",
                "top": 8,
              },
              Object {
                "fontSize": 18,
                "top": 8,
              },
            ]
          }
          testID="error_test"
          variant="xs"
        />
        <View
          multiline={false}
          rightIcon={false}
          style={
            Array [
              Object {
                "alignItems": "center",
                "flexDirection": "row",
                "justifyContent": "center",
                "maxWidth": "100%",
                "overflow": "hidden",
                "paddingLeft": 4,
                "paddingRight": 4,
                "paddingTop": 4,
              },
            ]
          }
        >
          <View
            style={Object {}}
          >
            <View
              accessibilityLabel="icon_"
              accessibilityState={
                Object {
                  "disabled": false,
                }
              }
              accessible={true}
              focusable={true}
              hitSlop={Object {}}
              onClick={[Function]}
              onResponderGrant={[Function]}
              onResponderMove={[Function]}
              onResponderRelease={[Function]}
              onResponderTerminate={[Function]}
              onResponderTerminationRequest={[Function]}
              onStartShouldSetResponder={[Function]}
              style={
                Object {
                  "opacity": 1,
                }
              }
              testID="id_paperclip"
            >
              <View>
                <Text
                  allowFontScaling={false}
                  style={
                    Array [
                      Object {
                        "color": "#C6B09E",
                        "fontSize": 40.85714285714286,
                      },
                      undefined,
                      Object {
                        "fontFamily": "Material Design Icons",
                        "fontStyle": "normal",
                        "fontWeight": "normal",
                      },
                      Object {},
                    ]
                  }
                >
                  󰏢
                </Text>
              </View>
            </View>
          </View>
          <TextInput
            accessibility=""
            accessibilityLabel=""
            allowFontScaling={false}
            autoCapitalize="none"
            autoCompleteType="off"
            autoCorrect={false}
            centered={false}
            contrast={false}
            id="test"
            inputRef="$text"
            isPlaceholder={false}
            keyboardType="default"
            large={false}
            multiline={false}
            onBlur={[Function]}
            onChangeText={[Function]}
            onFocus={[Function]}
            onSubmitEditing={[Function]}
            placeholder="Pesquise aqui"
            placeholderTextColor="#72727260"
            status="default"
            style={
              Array [
                Object {
                  "borderWidth": 0,
                  "color": "#000000",
                  "flexBasis": 0,
                  "flexGrow": 1,
                  "flexShrink": 1,
                  "fontSize": 15,
                  "marginTop": 0,
                  "minHeight": 37.714285714285715,
                  "paddingBottom": 0,
                  "paddingLeft": 0,
                  "paddingRight": 0,
                  "paddingTop": 0,
                  "width": "100%",
                },
                Object {},
              ]
            }
            testID="test"
            textAlign="left"
            type="no-mask"
            underlineColorAndroid="transparent"
            value=""
            variant="md"
            withBottomline={true}
          />
        </View>
        <View
          contrast={false}
          status="default"
          style={
            Array [
              Object {
                "backgroundColor": "#000000",
                "height": 0.5,
              },
            ]
          }
        />
      </View>
    </View>
  </View>
</View>
`;

exports[`<Search /> should render search with padding 1`] = `
<View
  hasShadow={false}
  inputPadding={24}
  style={
    Array [
      Object {
        "alignItems": "center",
        "borderRadius": 20,
        "flexBasis": 0,
        "flexDirection": "row",
        "flexGrow": 1,
        "flexShrink": 1,
        "height": 88,
        "justifyContent": "center",
        "paddingHorizontal": 24,
      },
    ]
  }
>
  <View
    style={
      Array [
        Object {},
        Object {},
      ]
    }
  >
    <View
      multiline={false}
      style={
        Array [
          Object {
            "justifyContent": "flex-start",
            "paddingTop": 0,
            "position": "relative",
          },
          Object {
            "height": "90%",
            "paddingBottom": 0,
            "paddingLeft": 0,
            "paddingRight": 0,
            "paddingTop": 0,
            "width": "100%",
          },
        ]
      }
    >
      <View
        borderedRadius={0}
        error={false}
        showBorderErrored={true}
        style={
          Array [
            Object {
              "borderColor": "black",
              "borderStyle": "solid",
              "borderWidth": 0,
            },
          ]
        }
      >
        <Text
          accessibilityLabel="Erro "
          collapsable={false}
          contrast={false}
          nativeID="animatedComponent"
          status="default"
          style={
            Array [
              Object {
                "color": "#000000",
                "fontSize": 15,
                "lineHeight": 18,
                "position": "absolute",
                "top": 8,
              },
              Object {
                "fontSize": 18,
                "top": 8,
              },
            ]
          }
          testID="error_test"
          variant="md"
        />
        <View
          multiline={false}
          padding={24}
          rightIcon={false}
          style={
            Array [
              Object {
                "alignItems": "center",
                "flexDirection": "row",
                "justifyContent": "center",
                "maxWidth": "100%",
                "overflow": "hidden",
                "paddingLeft": 24,
                "paddingRight": 24,
                "paddingTop": 24,
              },
            ]
          }
        >
          <TextInput
            accessibility=""
            accessibilityLabel=""
            allowFontScaling={false}
            autoCapitalize="none"
            autoCompleteType="off"
            autoCorrect={false}
            centered={false}
            contrast={false}
            id="test"
            inputRef="$text"
            isPlaceholder={true}
            keyboardType="default"
            large={false}
            multiline={false}
            onBlur={[Function]}
            onChangeText={[Function]}
            onFocus={[Function]}
            onSubmitEditing={[Function]}
            placeholder=""
            placeholderTextColor="#72727260"
            status="default"
            style={
              Array [
                Object {
                  "borderWidth": 0,
                  "color": "#000000",
                  "flexBasis": 0,
                  "flexGrow": 1,
                  "flexShrink": 1,
                  "fontSize": 15,
                  "marginTop": 0,
                  "minHeight": 37.714285714285715,
                  "paddingBottom": 0,
                  "paddingLeft": 0,
                  "paddingRight": 0,
                  "paddingTop": 0,
                  "width": "100%",
                },
                Object {},
              ]
            }
            testID="test"
            textAlign="left"
            type="no-mask"
            underlineColorAndroid="transparent"
            value=""
            variant="md"
            withBottomline={true}
          />
          <View
            collapsable={false}
            nativeID="animatedComponent"
            style={Object {}}
          >
            <View
              accessibilityLabel="icon_"
              accessibilityState={
                Object {
                  "disabled": false,
                }
              }
              accessible={true}
              collapsable={false}
              focusable={true}
              hitSlop={Object {}}
              nativeID="animatedComponent"
              onClick={[Function]}
              onResponderGrant={[Function]}
              onResponderMove={[Function]}
              onResponderRelease={[Function]}
              onResponderTerminate={[Function]}
              onResponderTerminationRequest={[Function]}
              onStartShouldSetResponder={[Function]}
              style={
                Object {
                  "opacity": 1,
                }
              }
              testID="id_magnify"
            >
              <View>
                <Text
                  allowFontScaling={false}
                  style={
                    Array [
                      Object {
                        "color": "function (_ref) {
    var theme = _ref.theme;
    return lodash_1(theme, themeProp) || '';
  }",
                        "fontSize": 40.85714285714286,
                      },
                      undefined,
                      Object {
                        "fontFamily": "Material Design Icons",
                        "fontStyle": "normal",
                        "fontWeight": "normal",
                      },
                      Object {},
                    ]
                  }
                >
                  󰍉
                </Text>
              </View>
            </View>
          </View>
        </View>
        <View
          contrast={false}
          status="default"
          style={
            Array [
              Object {
                "backgroundColor": "#000000",
                "height": 0.5,
              },
            ]
          }
        />
      </View>
    </View>
  </View>
</View>
`;

exports[`<Search /> should render search with right icon 1`] = `
<View
  hasShadow={false}
  style={
    Array [
      Object {
        "alignItems": "center",
        "borderRadius": 20,
        "flexBasis": 0,
        "flexDirection": "row",
        "flexGrow": 1,
        "flexShrink": 1,
        "height": 88,
        "justifyContent": "center",
        "paddingHorizontal": 72,
      },
    ]
  }
>
  <View
    style={
      Array [
        Object {},
        Object {},
      ]
    }
  >
    <View
      multiline={false}
      style={
        Array [
          Object {
            "justifyContent": "flex-start",
            "paddingTop": 0,
            "position": "relative",
          },
          Object {
            "height": "90%",
            "paddingBottom": 0,
            "paddingLeft": 0,
            "paddingRight": 0,
            "paddingTop": 0,
            "width": "100%",
          },
        ]
      }
    >
      <View
        borderedRadius={0}
        error={false}
        showBorderErrored={true}
        style={
          Array [
            Object {
              "borderColor": "black",
              "borderStyle": "solid",
              "borderWidth": 0,
            },
          ]
        }
      >
        <Text
          accessibilityLabel="Erro "
          collapsable={false}
          contrast={false}
          nativeID="animatedComponent"
          status="default"
          style={
            Array [
              Object {
                "color": "#000000",
                "fontSize": 15,
                "lineHeight": 18,
                "position": "absolute",
                "top": 8,
              },
              Object {
                "fontSize": 18,
                "top": 8,
              },
            ]
          }
          testID="error_test"
          variant="md"
        />
        <View
          multiline={false}
          rightIcon={true}
          style={
            Array [
              Object {
                "alignItems": "center",
                "flexDirection": "row",
                "justifyContent": "center",
                "maxWidth": "100%",
                "overflow": "hidden",
                "paddingLeft": 4,
                "paddingRight": 4,
                "paddingTop": 4,
              },
            ]
          }
        >
          <TextInput
            accessibility=""
            accessibilityLabel=""
            allowFontScaling={false}
            autoCapitalize="none"
            autoCompleteType="off"
            autoCorrect={false}
            centered={false}
            contrast={false}
            id="test"
            inputRef="$text"
            isPlaceholder={true}
            keyboardType="default"
            large={false}
            multiline={false}
            onBlur={[Function]}
            onChangeText={[Function]}
            onFocus={[Function]}
            onSubmitEditing={[Function]}
            placeholder=""
            placeholderTextColor="#72727260"
            status="default"
            style={
              Array [
                Object {
                  "borderWidth": 0,
                  "color": "#000000",
                  "flexBasis": 0,
                  "flexGrow": 1,
                  "flexShrink": 1,
                  "fontSize": 15,
                  "marginTop": 0,
                  "minHeight": 37.714285714285715,
                  "paddingBottom": 0,
                  "paddingLeft": 0,
                  "paddingRight": 0,
                  "paddingTop": 0,
                  "width": "100%",
                },
                Object {},
              ]
            }
            testID="test"
            textAlign="left"
            type="no-mask"
            underlineColorAndroid="transparent"
            value=""
            variant="md"
            withBottomline={true}
          />
          <View
            collapsable={false}
            nativeID="animatedComponent"
            style={Object {}}
          >
            <View
              accessibilityLabel="icon_"
              accessibilityState={
                Object {
                  "disabled": false,
                }
              }
              accessible={true}
              collapsable={false}
              focusable={true}
              hitSlop={Object {}}
              nativeID="animatedComponent"
              onClick={[Function]}
              onResponderGrant={[Function]}
              onResponderMove={[Function]}
              onResponderRelease={[Function]}
              onResponderTerminate={[Function]}
              onResponderTerminationRequest={[Function]}
              onStartShouldSetResponder={[Function]}
              style={
                Object {
                  "opacity": 1,
                }
              }
              testID="id_parachute"
            >
              <View>
                <Text
                  allowFontScaling={false}
                  style={
                    Array [
                      Object {
                        "color": "function (_ref) {
    var theme = _ref.theme;
    return lodash_1(theme, themeProp) || '';
  }",
                        "fontSize": 40.85714285714286,
                      },
                      undefined,
                      Object {
                        "fontFamily": "Material Design Icons",
                        "fontStyle": "normal",
                        "fontWeight": "normal",
                      },
                      Object {},
                    ]
                  }
                >
                  󰲴
                </Text>
              </View>
            </View>
          </View>
        </View>
        <View
          contrast={false}
          status="default"
          style={
            Array [
              Object {
                "backgroundColor": "#000000",
                "height": 0.5,
              },
            ]
          }
        />
      </View>
    </View>
  </View>
</View>
`;

exports[`<Search /> should render search with shadow 1`] = `
<View
  hasShadow={true}
  style={
    Array [
      Object {
        "alignItems": "center",
        "borderRadius": 20,
        "elevation": 3,
        "flexBasis": 0,
        "flexDirection": "row",
        "flexGrow": 1,
        "flexShrink": 1,
        "height": 88,
        "justifyContent": "center",
        "paddingHorizontal": 72,
        "shadowOffset": Object {
          "height": 4,
          "width": 0,
        },
        "shadowOpacity": 0.2,
        "shadowRadius": 6.285714285714286,
      },
    ]
  }
>
  <View
    style={
      Array [
        Object {},
        Object {},
      ]
    }
  >
    <View
      multiline={false}
      style={
        Array [
          Object {
            "justifyContent": "flex-start",
            "paddingTop": 0,
            "position": "relative",
          },
          Object {
            "height": "90%",
            "paddingBottom": 0,
            "paddingLeft": 0,
            "paddingRight": 0,
            "paddingTop": 0,
            "width": "100%",
          },
        ]
      }
    >
      <View
        borderedRadius={0}
        error={false}
        showBorderErrored={true}
        style={
          Array [
            Object {
              "borderColor": "black",
              "borderStyle": "solid",
              "borderWidth": 0,
            },
          ]
        }
      >
        <Text
          accessibilityLabel="Erro "
          collapsable={false}
          contrast={false}
          nativeID="animatedComponent"
          status="default"
          style={
            Array [
              Object {
                "color": "#000000",
                "fontSize": 15,
                "lineHeight": 18,
                "position": "absolute",
                "top": 8,
              },
              Object {
                "fontSize": 18,
                "top": 8,
              },
            ]
          }
          testID="error_test"
          variant="md"
        />
        <View
          multiline={false}
          rightIcon={false}
          style={
            Array [
              Object {
                "alignItems": "center",
                "flexDirection": "row",
                "justifyContent": "center",
                "maxWidth": "100%",
                "overflow": "hidden",
                "paddingLeft": 4,
                "paddingRight": 4,
                "paddingTop": 4,
              },
            ]
          }
        >
          <TextInput
            accessibility=""
            accessibilityLabel=""
            allowFontScaling={false}
            autoCapitalize="none"
            autoCompleteType="off"
            autoCorrect={false}
            centered={false}
            contrast={false}
            id="test"
            inputRef="$text"
            isPlaceholder={true}
            keyboardType="default"
            large={false}
            multiline={false}
            onBlur={[Function]}
            onChangeText={[Function]}
            onFocus={[Function]}
            onSubmitEditing={[Function]}
            placeholder=""
            placeholderTextColor="#72727260"
            status="default"
            style={
              Array [
                Object {
                  "borderWidth": 0,
                  "color": "#000000",
                  "flexBasis": 0,
                  "flexGrow": 1,
                  "flexShrink": 1,
                  "fontSize": 15,
                  "marginTop": 0,
                  "minHeight": 37.714285714285715,
                  "paddingBottom": 0,
                  "paddingLeft": 0,
                  "paddingRight": 0,
                  "paddingTop": 0,
                  "width": "100%",
                },
                Object {},
              ]
            }
            testID="test"
            textAlign="left"
            type="no-mask"
            underlineColorAndroid="transparent"
            value=""
            variant="md"
            withBottomline={true}
          />
          <View
            collapsable={false}
            nativeID="animatedComponent"
            style={Object {}}
          >
            <View
              accessibilityLabel="icon_"
              accessibilityState={
                Object {
                  "disabled": false,
                }
              }
              accessible={true}
              collapsable={false}
              focusable={true}
              hitSlop={Object {}}
              nativeID="animatedComponent"
              onClick={[Function]}
              onResponderGrant={[Function]}
              onResponderMove={[Function]}
              onResponderRelease={[Function]}
              onResponderTerminate={[Function]}
              onResponderTerminationRequest={[Function]}
              onStartShouldSetResponder={[Function]}
              style={
                Object {
                  "opacity": 1,
                }
              }
              testID="id_magnify"
            >
              <View>
                <Text
                  allowFontScaling={false}
                  style={
                    Array [
                      Object {
                        "color": "function (_ref) {
    var theme = _ref.theme;
    return lodash_1(theme, themeProp) || '';
  }",
                        "fontSize": 40.85714285714286,
                      },
                      undefined,
                      Object {
                        "fontFamily": "Material Design Icons",
                        "fontStyle": "normal",
                        "fontWeight": "normal",
                      },
                      Object {},
                    ]
                  }
                >
                  󰍉
                </Text>
              </View>
            </View>
          </View>
        </View>
        <View
          contrast={false}
          status="default"
          style={
            Array [
              Object {
                "backgroundColor": "#000000",
                "height": 0.5,
              },
            ]
          }
        />
      </View>
    </View>
  </View>
</View>
`;

exports[`<Search /> should render search with wrapper height 1`] = `
<View
  hasShadow={false}
  height={24}
  style={
    Array [
      Object {
        "alignItems": "center",
        "borderRadius": 20,
        "flexBasis": 0,
        "flexDirection": "row",
        "flexGrow": 1,
        "flexShrink": 1,
        "height": 24,
        "justifyContent": "center",
        "paddingHorizontal": 72,
      },
    ]
  }
>
  <View
    style={
      Array [
        Object {},
        Object {},
      ]
    }
  >
    <View
      multiline={false}
      style={
        Array [
          Object {
            "justifyContent": "flex-start",
            "paddingTop": 0,
            "position": "relative",
          },
          Object {
            "height": "90%",
            "paddingBottom": 0,
            "paddingLeft": 0,
            "paddingRight": 0,
            "paddingTop": 0,
            "width": "100%",
          },
        ]
      }
    >
      <View
        borderedRadius={0}
        error={false}
        showBorderErrored={true}
        style={
          Array [
            Object {
              "borderColor": "black",
              "borderStyle": "solid",
              "borderWidth": 0,
            },
          ]
        }
      >
        <Text
          accessibilityLabel="Erro "
          contrast={false}
          status="default"
          style={
            Array [
              Object {
                "color": "#000000",
                "fontSize": 13,
                "lineHeight": 15.6,
                "position": "absolute",
                "top": 8,
              },
              Object {
                "fontSize": 18,
                "top": 8,
              },
            ]
          }
          testID="error_test"
          variant="xs"
        />
        <View
          multiline={false}
          rightIcon={false}
          style={
            Array [
              Object {
                "alignItems": "center",
                "flexDirection": "row",
                "justifyContent": "center",
                "maxWidth": "100%",
                "overflow": "hidden",
                "paddingLeft": 4,
                "paddingRight": 4,
                "paddingTop": 4,
              },
            ]
          }
        >
          <TextInput
            accessibility=""
            accessibilityLabel=""
            allowFontScaling={false}
            autoCapitalize="none"
            autoCompleteType="off"
            autoCorrect={false}
            centered={false}
            contrast={false}
            id="test"
            inputRef="$text"
            isPlaceholder={false}
            keyboardType="default"
            large={false}
            multiline={false}
            onBlur={[Function]}
            onChangeText={[Function]}
            onFocus={[Function]}
            onSubmitEditing={[Function]}
            placeholder="Pesquise aqui"
            placeholderTextColor="#72727260"
            status="default"
            style={
              Array [
                Object {
                  "borderWidth": 0,
                  "color": "#000000",
                  "flexBasis": 0,
                  "flexGrow": 1,
                  "flexShrink": 1,
                  "fontSize": 15,
                  "marginTop": 0,
                  "minHeight": 37.714285714285715,
                  "paddingBottom": 0,
                  "paddingLeft": 0,
                  "paddingRight": 0,
                  "paddingTop": 0,
                  "width": "100%",
                },
                Object {},
              ]
            }
            testID="test"
            textAlign="left"
            type="no-mask"
            underlineColorAndroid="transparent"
            value=""
            variant="md"
            withBottomline={true}
          />
          <View
            style={Object {}}
          >
            <View
              accessibilityLabel="icon_"
              accessibilityState={
                Object {
                  "disabled": false,
                }
              }
              accessible={true}
              focusable={true}
              hitSlop={Object {}}
              onClick={[Function]}
              onResponderGrant={[Function]}
              onResponderMove={[Function]}
              onResponderRelease={[Function]}
              onResponderTerminate={[Function]}
              onResponderTerminationRequest={[Function]}
              onStartShouldSetResponder={[Function]}
              style={
                Object {
                  "opacity": 1,
                }
              }
              testID="id_magnify"
            >
              <View>
                <Text
                  allowFontScaling={false}
                  style={
                    Array [
                      Object {
                        "color": "function (_ref) {
    var theme = _ref.theme;
    return lodash_1(theme, themeProp) || '';
  }",
                        "fontSize": 40.85714285714286,
                      },
                      undefined,
                      Object {
                        "fontFamily": "Material Design Icons",
                        "fontStyle": "normal",
                        "fontWeight": "normal",
                      },
                      Object {},
                    ]
                  }
                >
                  󰍉
                </Text>
              </View>
            </View>
          </View>
        </View>
        <View
          contrast={false}
          status="default"
          style={
            Array [
              Object {
                "backgroundColor": "#000000",
                "height": 0.5,
              },
            ]
          }
        />
      </View>
    </View>
  </View>
</View>
`;
