// Jest Snapshot v1, https://goo.gl/fbAQLP

exports[`<Touchable /> should render Touchable 1`] = `
<View
  accessibilityLabel=""
  accessible={true}
  focusable={true}
  onClick={[Function]}
  onResponderGrant={[Function]}
  onResponderMove={[Function]}
  onResponderRelease={[Function]}
  onResponderTerminate={[Function]}
  onResponderTerminationRequest={[Function]}
  onStartShouldSetResponder={[Function]}
  style={
    Object {
      "opacity": 1,
    }
  }
  testID="testing"
/>
`;
