// Jest Snapshot v1, https://goo.gl/fbAQLP

exports[`<Shadow /> should render Shadow correctly 1`] = `
<View
  style={
    Array [
      Object {
        "elevation": 3,
        "shadowOffset": Object {
          "height": 4,
          "width": 0,
        },
        "shadowOpacity": 0.2,
        "shadowRadius": 4,
      },
    ]
  }
/>
`;
