// Jest Snapshot v1, https://goo.gl/fbAQLP

exports[`<Link /> should render link 1`] = `
<View
  accessibilityLabel=""
  accessible={true}
  focusable={true}
  onClick={[Function]}
  onResponderGrant={[Function]}
  onResponderMove={[Function]}
  onResponderRelease={[Function]}
  onResponderTerminate={[Function]}
  onResponderTerminationRequest={[Function]}
  onStartShouldSetResponder={[Function]}
  style={
    Object {
      "opacity": 1,
    }
  }
  testID="testing"
>
  <Text
    accessibility="Texto "
    accessibilityLabel="Texto "
    style={
      Array [
        Object {
          "color": "#000000",
          "fontSize": 16,
          "lineHeight": 22.5,
        },
        Object {
          "color": "#C6B09E",
          "fontWeight": "500",
          "textDecorationColor": "#C6B09E",
          "textDecorationLine": "underline",
        },
      ]
    }
    testID="text_testing"
    variant="md"
  />
</View>
`;
