// Jest Snapshot v1, https://goo.gl/fbAQLP

exports[`<CheckBox /> should render checkbox component 1`] = `
<View
  style={
    Array [
      Object {
        "alignItems": "center",
        "flexDirection": "row",
      },
    ]
  }
>
  <Text
    accessibility=""
    accessibilityLabel=""
    lineHeightVariant="min"
    style={
      Array [
        Object {
          "color": "#000000",
          "fontSize": 15,
          "lineHeight": 15,
        },
        Object {
          "color": "#000000",
          "flexDirection": "row",
          "marginLeft": 12,
          "opacity": 80,
        },
      ]
    }
    testID=""
    variant="md"
  >
    
  </Text>
  <View
    accessible={true}
    focusable={true}
    onClick={[Function]}
    onResponderGrant={[Function]}
    onResponderMove={[Function]}
    onResponderRelease={[Function]}
    onResponderTerminate={[Function]}
    onResponderTerminationRequest={[Function]}
    onStartShouldSetResponder={[Function]}
    style={
      Array [
        Object {},
        Object {
          "marginBottom": 0,
        },
      ]
    }
  >
    <View
      style={
        Object {
          "alignItems": "center",
          "flexDirection": "row",
        }
      }
    >
      <Image
        source={
          Object {
            "testUri": "../../react-native-check-box/img/ic_check_box_outline_blank.png",
          }
        }
        style={
          Object {
            "tintColor": "#353a48",
          }
        }
      />
    </View>
  </View>
  <Text
    accessibility=""
    accessibilityLabel=""
    lineHeightVariant="min"
    style={
      Array [
        Object {
          "color": "#000000",
          "fontSize": 15,
          "lineHeight": 15,
        },
        Object {
          "color": "#000000",
          "flexDirection": "row",
          "marginLeft": 12,
          "opacity": 80,
        },
      ]
    }
    testID=""
    variant="md"
  >
    
  </Text>
</View>
`;
