// Jest Snapshot v1, https://goo.gl/fbAQLP

exports[`<Swiper /> should render swiper by children 1`] = `
<Text
  accessibilityLabel="Unity Test"
  lineHeightVariant="min"
  style={
    [
      {
        "color": "#444444",
        "fontSize": 15,
        "lineHeight": 18,
      },
    ]
  }
  testID="Unity Test"
  variant="md"
>
  Unity Test
</Text>
`;

exports[`<Swiper /> should render swiper by renderItems 1`] = `null`;
